[0m14:49:04.042027 [debug] [MainThread]: Sending event: {'category': 'dbt', 'action': 'invocation', 'label': 'start', 'context': [<snowplow_tracker.self_describing_json.SelfDescribingJson object at 0x104e60ec0>, <snowplow_tracker.self_describing_json.SelfDescribingJson object at 0x1065c3750>, <snowplow_tracker.self_describing_json.SelfDescribingJson object at 0x1065c39d0>]}


============================== 14:49:04.044862 | 172483b4-4ca9-48a2-a723-0ed5e01b3bac ==============================
[0m14:49:04.044862 [info ] [MainThread]: Running with dbt=1.11.6
[0m14:49:04.045106 [debug] [MainThread]: running dbt with arguments {'no_print': 'None', 'invocation_command': 'dbt init fpl_analytics', 'use_colors': 'True', 'warn_error': 'None', 'send_anonymous_usage_stats': 'True', 'fail_fast': 'False', 'quiet': 'False', 'log_cache_events': 'False', 'use_experimental_parser': 'False', 'static_parser': 'True', 'warn_error_options': 'WarnErrorOptionsV2(error=[], warn=[], silence=[])', 'version_check': 'True', 'profiles_dir': '/Users/sparelaptop4/.dbt', 'introspect': 'True', 'log_path': 'logs', 'write_json': 'True', 'debug': 'False', 'cache_selected_only': 'False', 'target_path': 'None', 'printer_width': '80', 'partial_parse': 'True', 'log_format': 'default', 'indirect_selection': 'eager', 'empty': 'None'}
[0m14:49:04.056926 [debug] [MainThread]: Starter project path: /opt/anaconda3/envs/fpl/lib/python3.13/site-packages/dbt/include/starter_project
[0m14:49:04.066128 [info ] [MainThread]: 
Your new dbt project "fpl_analytics" was created!

For more information on how to configure the profiles.yml file,
please consult the dbt documentation here:

  https://docs.getdbt.com/docs/configure-your-profile

One more thing:

Need help? Don't hesitate to reach out to us via GitHub issues or on Slack:

  https://community.getdbt.com/

Happy modeling!

[0m14:49:04.066281 [info ] [MainThread]: Setting up your profile.
[0m14:51:05.443346 [info ] [MainThread]: Profile fpl_analytics written to /Users/sparelaptop4/.dbt/profiles.yml using target's profile_template.yml and your supplied values. Run 'dbt debug' to validate the connection.
[0m14:51:05.466373 [debug] [MainThread]: Resource report: {"command_name": "init", "command_success": true, "command_wall_clock_time": 121.48955, "process_in_blocks": "0", "process_kernel_time": 0.34984, "process_mem_max_rss": "226410496", "process_out_blocks": "0", "process_user_time": 0.992219}
[0m14:51:05.468572 [debug] [MainThread]: Command `dbt init` succeeded at 14:51:05.468400 after 121.49 seconds
[0m14:51:05.469309 [debug] [MainThread]: Sending event: {'category': 'dbt', 'action': 'invocation', 'label': 'end', 'context': [<snowplow_tracker.self_describing_json.SelfDescribingJson object at 0x118ecb6f0>, <snowplow_tracker.self_describing_json.SelfDescribingJson object at 0x1065f44d0>, <snowplow_tracker.self_describing_json.SelfDescribingJson object at 0x118cf3460>]}
[0m14:51:05.469782 [debug] [MainThread]: Flushing usage events
[0m14:51:05.916040 [debug] [MainThread]: An error was encountered while trying to flush usage events
[0m14:51:21.105334 [debug] [MainThread]: Sending event: {'category': 'dbt', 'action': 'invocation', 'label': 'start', 'context': [<snowplow_tracker.self_describing_json.SelfDescribingJson object at 0x1155d0ec0>, <snowplow_tracker.self_describing_json.SelfDescribingJson object at 0x116cc3750>, <snowplow_tracker.self_describing_json.SelfDescribingJson object at 0x116cc39d0>]}


============================== 14:51:21.107919 | e0cca8ba-2286-4523-b27f-466a502874e8 ==============================
[0m14:51:21.107919 [info ] [MainThread]: Running with dbt=1.11.6
[0m14:51:21.108162 [debug] [MainThread]: running dbt with arguments {'quiet': 'False', 'log_format': 'default', 'log_path': 'logs', 'partial_parse': 'True', 'target_path': 'None', 'version_check': 'True', 'debug': 'False', 'write_json': 'True', 'log_cache_events': 'False', 'warn_error_options': 'WarnErrorOptionsV2(error=[], warn=[], silence=[])', 'static_parser': 'True', 'printer_width': '80', 'warn_error': 'None', 'use_colors': 'True', 'profiles_dir': '/Users/sparelaptop4/.dbt', 'cache_selected_only': 'False', 'send_anonymous_usage_stats': 'True', 'empty': 'None', 'indirect_selection': 'eager', 'invocation_command': 'dbt debug', 'use_experimental_parser': 'False', 'introspect': 'True', 'no_print': 'None', 'fail_fast': 'False'}
[0m14:51:21.117887 [info ] [MainThread]: dbt version: 1.11.6
[0m14:51:21.118075 [info ] [MainThread]: python version: 3.13.12
[0m14:51:21.118176 [info ] [MainThread]: python path: /opt/anaconda3/envs/fpl/bin/python3.13
[0m14:51:21.118262 [info ] [MainThread]: os info: macOS-26.3-arm64-arm-64bit-Mach-O
[0m14:51:22.122127 [info ] [MainThread]: Using profiles dir at /Users/sparelaptop4/.dbt
[0m14:51:22.122333 [info ] [MainThread]: Using profiles.yml file at /Users/sparelaptop4/.dbt/profiles.yml
[0m14:51:22.122450 [info ] [MainThread]: Using dbt_project.yml file at /Users/sparelaptop4/Documents/fpl_analytics/dbt_project.yml
[0m14:51:22.122541 [info ] [MainThread]: adapter type: bigquery
[0m14:51:22.122631 [info ] [MainThread]: adapter version: 1.11.1
[0m14:51:22.122742 [info ] [MainThread]: Configuration:
[0m14:51:22.122823 [info ] [MainThread]:   profiles.yml file [[32mOK found and valid[0m]
[0m14:51:22.122905 [info ] [MainThread]:   dbt_project.yml file [[31mERROR not found[0m]
[0m14:51:22.122988 [info ] [MainThread]: Required dependencies:
[0m14:51:22.123207 [debug] [MainThread]: Executing "git --help"
[0m14:51:22.176510 [debug] [MainThread]: STDOUT: "b"usage: git [-v | --version] [-h | --help] [-C <path>] [-c <name>=<value>]\n           [--exec-path[=<path>]] [--html-path] [--man-path] [--info-path]\n           [-p | --paginate | -P | --no-pager] [--no-replace-objects] [--no-lazy-fetch]\n           [--no-optional-locks] [--no-advice] [--bare] [--git-dir=<path>]\n           [--work-tree=<path>] [--namespace=<name>] [--config-env=<name>=<envvar>]\n           <command> [<args>]\n\nThese are common Git commands used in various situations:\n\nstart a working area (see also: git help tutorial)\n   clone      Clone a repository into a new directory\n   init       Create an empty Git repository or reinitialize an existing one\n\nwork on the current change (see also: git help everyday)\n   add        Add file contents to the index\n   mv         Move or rename a file, a directory, or a symlink\n   restore    Restore working tree files\n   rm         Remove files from the working tree and from the index\n\nexamine the history and state (see also: git help revisions)\n   bisect     Use binary search to find the commit that introduced a bug\n   diff       Show changes between commits, commit and working tree, etc\n   grep       Print lines matching a pattern\n   log        Show commit logs\n   show       Show various types of objects\n   status     Show the working tree status\n\ngrow, mark and tweak your common history\n   backfill   Download missing objects in a partial clone\n   branch     List, create, or delete branches\n   commit     Record changes to the repository\n   merge      Join two or more development histories together\n   rebase     Reapply commits on top of another base tip\n   reset      Reset current HEAD to the specified state\n   switch     Switch branches\n   tag        Create, list, delete or verify a tag object signed with GPG\n\ncollaborate (see also: git help workflows)\n   fetch      Download objects and refs from another repository\n   pull       Fetch from and integrate with another repository or a local branch\n   push       Update remote refs along with associated objects\n\n'git help -a' and 'git help -g' list available subcommands and some\nconcept guides. See 'git help <command>' or 'git help <concept>'\nto read about a specific subcommand or concept.\nSee 'git help git' for an overview of the system.\n""
[0m14:51:22.176922 [debug] [MainThread]: STDERR: "b''"
[0m14:51:22.177073 [info ] [MainThread]:  - git [[32mOK found[0m]

[0m14:51:22.177199 [info ] [MainThread]: Connection:
[0m14:51:22.177324 [info ] [MainThread]:   method: service-account
[0m14:51:22.177413 [info ] [MainThread]:   database: fpl-analytics-488811
[0m14:51:22.177505 [info ] [MainThread]:   execution_project: fpl-analytics-488811
[0m14:51:22.177584 [info ] [MainThread]:   schema: dbt_dev
[0m14:51:22.177658 [info ] [MainThread]:   location: EU
[0m14:51:22.177737 [info ] [MainThread]:   priority: interactive
[0m14:51:22.177816 [info ] [MainThread]:   maximum_bytes_billed: None
[0m14:51:22.177892 [info ] [MainThread]:   impersonate_service_account: None
[0m14:51:22.177965 [info ] [MainThread]:   job_retry_deadline_seconds: None
[0m14:51:22.178044 [info ] [MainThread]:   job_retries: 1
[0m14:51:22.178116 [info ] [MainThread]:   job_creation_timeout_seconds: None
[0m14:51:22.178188 [info ] [MainThread]:   job_execution_timeout_seconds: 300
[0m14:51:22.178262 [info ] [MainThread]:   timeout_seconds: 300
[0m14:51:22.178332 [info ] [MainThread]:   client_id: None
[0m14:51:22.178404 [info ] [MainThread]:   token_uri: None
[0m14:51:22.178472 [info ] [MainThread]:   compute_region: None
[0m14:51:22.178542 [info ] [MainThread]:   dataproc_cluster_name: None
[0m14:51:22.178611 [info ] [MainThread]:   gcs_bucket: None
[0m14:51:22.178679 [info ] [MainThread]:   dataproc_batch: None
[0m14:51:22.178941 [info ] [MainThread]: Registered adapter: bigquery=1.11.1
[0m14:51:22.639780 [debug] [MainThread]: Acquiring new bigquery connection 'debug'
[0m14:51:22.640097 [debug] [MainThread]: On debug: select 1 as id
[0m14:51:22.640277 [debug] [MainThread]: Opening a new connection, currently in state init
[0m14:51:25.006447 [debug] [MainThread]: BigQuery adapter: https://console.cloud.google.com/bigquery?project=fpl-analytics-488811&j=bq:EU:a5ad8dc7-c967-4c8b-9e46-1d3e38d86d98&page=queryresults
[0m14:51:25.149726 [debug] [MainThread]: SQL status: OK in 0.142 seconds
[0m14:51:25.368268 [info ] [MainThread]:   Connection test: [[32mOK connection ok[0m]

[0m14:51:25.368766 [info ] [MainThread]: [31m1 check failed:[0m
[0m14:51:25.369061 [info ] [MainThread]: Project loading failed for the following reason:
 project path </Users/sparelaptop4/Documents/fpl_analytics/dbt_project.yml> not found

[0m14:51:25.375190 [debug] [MainThread]: Resource report: {"command_name": "debug", "command_success": false, "command_wall_clock_time": 4.33745, "process_in_blocks": "0", "process_kernel_time": 0.335814, "process_mem_max_rss": "240517120", "process_out_blocks": "0", "process_user_time": 1.003138}
[0m14:51:25.375685 [debug] [MainThread]: Command `dbt debug` failed at 14:51:25.375574 after 4.34 seconds
[0m14:51:25.375988 [debug] [MainThread]: Connection 'debug' was properly closed.
[0m14:51:25.376290 [debug] [MainThread]: Sending event: {'category': 'dbt', 'action': 'invocation', 'label': 'end', 'context': [<snowplow_tracker.self_describing_json.SelfDescribingJson object at 0x14166e060>, <snowplow_tracker.self_describing_json.SelfDescribingJson object at 0x14158cb90>, <snowplow_tracker.self_describing_json.SelfDescribingJson object at 0x1414f39b0>]}
[0m14:51:25.376627 [debug] [MainThread]: Flushing usage events
[0m14:51:25.735211 [debug] [MainThread]: An error was encountered while trying to flush usage events
